1569.lean:2:26-2:30: error: unknown identifier 'typo'
1569.lean:2:17-2:37: error: unsolved goals
‚ä¢ 0 = 0
