2040.lean:3:0-3:7: warning: declaration uses 'sorry'
2040.lean:8:0-8:7: warning: declaration uses 'sorry'
2040.lean:14:0-14:7: warning: declaration uses 'sorry'
