348.lean:3:24-3:25: error: unexpected token '⟩'; expected ')', ')ₘ' or ')ₚ'
