386.lean:9:2-9:46: error: failed to synthesize
  Fintype ?m
use `set_option diagnostics true` to get diagnostic information
