3989_1.lean:4:0: error: expected else-alternative for `match_expr`, i.e., `| _ => ...`
