α : Type ?u
x✝ : ArrayBuffer α
cap : Nat
backing : Fin cap → Option α
size : Nat
h_size : size ≤ cap
h_full : ∀ (i : Nat) (h : i < size), Option.isSome (backing ⟨i, ⋯⟩) = true
i : Nat
h : i < size
⊢ Option.isSome (if h_1 : i < cap then backing ⟨i, ⋯⟩ else none) = true
