defaultInstance.lean:20:20-20:23: error: failed to synthesize
  Foo Bool (?m x)
use `set_option diagnostics true` to get diagnostic information
defaultInstance.lean:22:35-22:38: error: typeclass instance problem is stuck, it is often due to metavariables
  Foo Bool (?m x)
