eraseInsts.lean:12:22-12:27: error: failed to synthesize
  HAdd Foo Foo ?m
use `set_option diagnostics true` to get diagnostic information
