forErrors.lean:3:29-3:30: error: failed to synthesize
  ToStream Î± ?m
use `set_option diagnostics true` to get diagnostic information
