Inferred termination argument: 
termination_by x1 x2 x3 => (sizeOf x1, sizeOf x2, 0)
Inferred termination argument: 
termination_by x1 x2 x3 => (sizeOf x1, sizeOf x2, 1)
