true
isDefEqDelayedMVarsBug.lean:10:8-10:9: warning: declaration uses 'sorry'
true
isDefEqDelayedMVarsBug.lean:14:8-14:10: warning: declaration uses 'sorry'
