issue2260.lean:8:20-8:21: error: The termination argument depends on the function's varying parameters. Try using `sizeOf` explicitly:
The termination argument has type
  DNat i : Type
but is expected to have type
  ?β : Sort ?u
issue2260.lean:15:20-15:21: error: The termination argument types differ for the different functions, or depend on the function's varying parameters. Try using `sizeOf` explicitly:
The termination argument has type
  DNat i : Type
but is expected to have type
  ?β : Sort ?u
issue2260.lean:31:20-31:21: error: The termination argument types differ for the different functions, or depend on the function's varying parameters. Try using `sizeOf` explicitly:
The termination argument has type
  DNat i : Type
but is expected to have type
  Nat : Type
issue2260.lean:26:15-26:21: error: failed to prove termination, possible solutions:
  - Use `have`-expressions to prove the remaining goals
  - Use `termination_by` to specify a different well-founded relation
  - Use `decreasing_by` to specify your own tactic for discharging this kind of goal
n✝ : Nat
n : DNat n✝
⊢ sorryAx Nat true < 1 + n✝ + sizeOf n
