instMonadStore1OfMonadStore
instMonadStore1OfMonadStore
