{"textDocument": {"uri": "file:///completionFromExpectedType.lean"},
 "position": {"line": 3, "character": 18}}
{"items":
 [{"sortText": "0",
   "label": "mk",
   "kind": 4,
   "data":
   {"params":
    {"textDocument": {"uri": "file:///completionFromExpectedType.lean"},
     "position": {"line": 3, "character": 18}},
    "id": {"const": "Foo.mk"}}}],
 "isIncomplete": true}
