{"textDocument": {"uri": "file:///completion7.lean"},
 "position": {"line": 6, "character": 10}}
{"items":
 [{"sortText": "0",
   "label": "And",
   "kind": 22,
   "data":
   {"params":
    {"textDocument": {"uri": "file:///completion7.lean"},
     "position": {"line": 6, "character": 10}},
    "id": {"const": "And"}}}],
 "isIncomplete": true}
{"textDocument": {"uri": "file:///completion7.lean"},
 "position": {"line": 8, "character": 11}}
{"items":
 [{"sortText": "0",
   "label": "left",
   "kind": 5,
   "data":
   {"params":
    {"textDocument": {"uri": "file:///completion7.lean"},
     "position": {"line": 8, "character": 11}},
    "id": {"const": "And.left"}}},
  {"sortText": "1",
   "label": "mk",
   "kind": 4,
   "data":
   {"params":
    {"textDocument": {"uri": "file:///completion7.lean"},
     "position": {"line": 8, "character": 11}},
    "id": {"const": "And.mk"}}},
  {"sortText": "2",
   "label": "right",
   "kind": 5,
   "data":
   {"params":
    {"textDocument": {"uri": "file:///completion7.lean"},
     "position": {"line": 8, "character": 11}},
    "id": {"const": "And.right"}}}],
 "isIncomplete": true}
