{"textDocument": {"uri": "file:///completionPrv.lean"},
 "position": {"line": 2, "character": 11}}
{"items":
 [{"sortText": "0",
   "label": "blaBlaBoo",
   "kind": 21,
   "data":
   {"params":
    {"textDocument": {"uri": "file:///completionPrv.lean"},
     "position": {"line": 2, "character": 11}},
    "id": {"const": {"declName": "_private.0.blaBlaBoo"}}}}],
 "isIncomplete": true}
{"textDocument": {"uri": "file:///completionPrv.lean"},
 "position": {"line": 9, "character": 11}}
{"items":
 [{"sortText": "0",
   "label": "booBoo",
   "kind": 21,
   "data":
   {"params":
    {"textDocument": {"uri": "file:///completionPrv.lean"},
     "position": {"line": 9, "character": 11}},
    "id": {"const": {"declName": "_private.0.Foo.booBoo"}}}},
  {"sortText": "1",
   "label": "instToBoolBool",
   "kind": 21,
   "data":
   {"params":
    {"textDocument": {"uri": "file:///completionPrv.lean"},
     "position": {"line": 9, "character": 11}},
    "id": {"const": {"declName": "instToBoolBool"}}}}],
 "isIncomplete": true}
{"textDocument": {"uri": "file:///completionPrv.lean"},
 "position": {"line": 21, "character": 5}}
{"items":
 [{"sortText": "0",
   "label": "field1",
   "kind": 5,
   "data":
   {"params":
    {"textDocument": {"uri": "file:///completionPrv.lean"},
     "position": {"line": 21, "character": 5}},
    "id": {"const": {"declName": "S.field1"}}}},
  {"sortText": "1",
   "label": "getInc",
   "kind": 3,
   "data":
   {"params":
    {"textDocument": {"uri": "file:///completionPrv.lean"},
     "position": {"line": 21, "character": 5}},
    "id": {"const": {"declName": "_private.0.S.getInc"}}}}],
 "isIncomplete": true}
{"textDocument": {"uri": "file:///completionPrv.lean"},
 "position": {"line": 25, "character": 4}}
{"items":
 [{"sortText": "0",
   "label": "field1",
   "kind": 5,
   "data":
   {"params":
    {"textDocument": {"uri": "file:///completionPrv.lean"},
     "position": {"line": 25, "character": 4}},
    "id": {"const": {"declName": "S.field1"}}}},
  {"sortText": "1",
   "label": "getInc",
   "kind": 3,
   "data":
   {"params":
    {"textDocument": {"uri": "file:///completionPrv.lean"},
     "position": {"line": 25, "character": 4}},
    "id": {"const": {"declName": "_private.0.S.getInc"}}}}],
 "isIncomplete": true}
