{"version": 2, "uri": "file:///incrementalCommand.lean", "diagnostics": []}
{"version": 2, "uri": "file:///incrementalCommand.lean", "diagnostics": []}
w
w
