{"textDocument": {"uri": "file:///internalNamesIssue.lean"},
 "position": {"line": 9, "character": 11}}
{"items":
 [{"sortText": "0",
   "label": "bla",
   "kind": 3,
   "data":
   {"params":
    {"textDocument": {"uri": "file:///internalNamesIssue.lean"},
     "position": {"line": 9, "character": 11}},
    "id": {"const": "Foo.bla"}}},
  {"sortText": "1",
   "label": "foo",
   "kind": 3,
   "data":
   {"params":
    {"textDocument": {"uri": "file:///internalNamesIssue.lean"},
     "position": {"line": 9, "character": 11}},
    "id": {"const": "Foo.foo"}}}],
 "isIncomplete": true}
