{"textDocument": {"uri": "file:///issue5021.lean"},
 "position": {"line": 1, "character": 9}}
{"range":
 {"start": {"line": 1, "character": 9}, "end": {"line": 1, "character": 11}},
 "contents":
 {"value":
  "```lean\nFalse\n```\n***\nParses a \"synthetic hole\", that is, `?foo` or `?_`.\nThis syntax is used to construct named metavariables. ",
  "kind": "markdown"}}
{"textDocument": {"uri": "file:///issue5021.lean"},
 "position": {"line": 1, "character": 10}}
{"range":
 {"start": {"line": 1, "character": 9}, "end": {"line": 1, "character": 11}},
 "contents":
 {"value":
  "```lean\nFalse\n```\n***\nParses a \"synthetic hole\", that is, `?foo` or `?_`.\nThis syntax is used to construct named metavariables. ",
  "kind": "markdown"}}
{"textDocument": {"uri": "file:///issue5021.lean"},
 "position": {"line": 7, "character": 9}}
{"range":
 {"start": {"line": 7, "character": 9}, "end": {"line": 7, "character": 12}},
 "contents":
 {"value":
  "```lean\nFalse\n```\n***\nParses a \"synthetic hole\", that is, `?foo` or `?_`.\nThis syntax is used to construct named metavariables. ",
  "kind": "markdown"}}
{"textDocument": {"uri": "file:///issue5021.lean"},
 "position": {"line": 7, "character": 11}}
{"range":
 {"start": {"line": 7, "character": 9}, "end": {"line": 7, "character": 12}},
 "contents":
 {"value":
  "```lean\nFalse\n```\n***\nParses a \"synthetic hole\", that is, `?foo` or `?_`.\nThis syntax is used to construct named metavariables. ",
  "kind": "markdown"}}
