{"widgets":
 [{"range":
   {"start": {"line": 12, "character": 0},
    "end": {"line": 12, "character": 19}},
   "props": {},
   "name": "helloWidget",
   "javascriptHash": "2874772427606622741",
   "id": "helloWidget"}]}
{"sourcetext":
 "\n    import * as React from 'react';\n    export default function(props) {\n      const name = props.name || 'world'\n      return React.createElement('p', {}, name + '!')\n    }"}
{"widgets":
 [{"range":
   {"start": {"line": 19, "character": 0},
    "end": {"line": 19, "character": 63}},
   "props": {"name": "lean"},
   "name": "helloWidget",
   "javascriptHash": "2874772427606622741",
   "id": "helloWidget"}]}
{"sourcetext":
 "\n    import * as React from 'react';\n    export default function(props) {\n      const name = props.name || 'world'\n      return React.createElement('p', {}, name + '!')\n    }"}
{"widgets":
 [{"range": null,
   "props": {"name": "local"},
   "name": "helloWidget",
   "javascriptHash": "2874772427606622741",
   "id": "helloWidget"},
  {"range": null,
   "props": {"name": "global"},
   "name": "helloWidget",
   "javascriptHash": "2874772427606622741",
   "id": "helloWidget"}]}
{"sourcetext":
 "\n    import * as React from 'react';\n    export default function(props) {\n      const name = props.name || 'world'\n      return React.createElement('p', {}, name + '!')\n    }"}
{"sourcetext":
 "\n    import * as React from 'react';\n    export default function(props) {\n      const name = props.name || 'world'\n      return React.createElement('p', {}, name + '!')\n    }"}
{"widgets":
 [{"range": null,
   "props": {"name": "scoped"},
   "name": "helloWidget",
   "javascriptHash": "2874772427606622741",
   "id": "helloWidget"},
  {"range": null,
   "props": {"name": "global"},
   "name": "helloWidget",
   "javascriptHash": "2874772427606622741",
   "id": "helloWidget"}]}
{"sourcetext":
 "\n    import * as React from 'react';\n    export default function(props) {\n      const name = props.name || 'world'\n      return React.createElement('p', {}, name + '!')\n    }"}
{"sourcetext":
 "\n    import * as React from 'react';\n    export default function(props) {\n      const name = props.name || 'world'\n      return React.createElement('p', {}, name + '!')\n    }"}
{"widgets": []}
